
                    DL_POLY Classic 1.9

                              Running on    1 nodes


 ************************************************************************************************************************
 ************************************************************************************************************************
 ************************************************************************************************************************
 ***************     DL_POLY CONTROL file                                                                 ***************
 ************************************************************************************************************************
 ************************************************************************************************************************
 ************************************************************************************************************************


 SIMULATION CONTROL PARAMETERS


 simulation temperature           2.9800E+02

 Nose-Hoover 
 thermostat relaxation time       1.0000E-01

 simulation timestep              5.0000E-14

 selected number of timesteps            1

 real space cut off               7.0000E+00

 real space cut off (vdw)         7.0000E+00

 border width of Verlet shell     5.0000E-01


 Electrostatics : Shifted Coulombic potential

 trajectory file option on  
 trajectory file start                   1
 trajectory file interval             1000
 trajectory file info key                0

 data printing interval                  1

 data stacking interval                  1

 statistics file interval                1

 user allocated job time (d)    ********

 job closure time        (s)    1000.000


SYSTEM SPECIFICATION

 energy units=kjoule/mol 


 number of molecular types               2

 molecular species type                  1


 name of species:             argon                                   

 number of molecules                     1

 number of atoms/sites                   1


 atomic characteristics:

                      site     name          mass        charge    repeat    freeze

                         1     Ar          30.00000     0.00000         1         0

 molecular species type                  2


 name of species:             water                                   

 number of molecules                   267

 number of atoms/sites                   3


 atomic characteristics:

                      site     name          mass        charge    repeat    freeze

                         2     HW           1.00800     0.00000         1         0
                         3     OW          15.99900     0.00000         1         0
                         4     HW           1.00800     0.00000         1         0

 number of chemical bonds                2


 chemical bond details:

                            key     index     index                            parameters

                           harm         1         2     4.431530E+03   1.012000E+00   0.000000E+00   0.000000E+00
                           harm         2         3     4.431530E+03   1.012000E+00   0.000000E+00   0.000000E+00

 number of bond angles                   1


 bond angle details:

                            key     index     index     index     f-const       angle

                           harm         1         2         3  3.1756E+02  113.240000    0.000000    0.000000    0.000000    0.000000


 number of specified pair potentials         4


                atom 1  atom 2      key                              parameters


                HW      HW        lj       0.00000E+00  0.00000E+00
                OW      HW        lj       0.00000E+00  0.00000E+00
                OW      OW        lj       0.00000E+00  0.00000E+00
                Ar      OW        lj       3.50000E-01  2.16600E+00

  *** warning - undefined atom-atom interactions set to zero ***

 configuration file name: 

          box                                                                             


 selected image convention               1


 simulation cell vectors


                        20.000000    0.000000    0.000000
                         0.000000   20.000000    0.000000
                         0.000000    0.000000   20.000000


 system volume            8000.00000000    


 total degrees of freedom                      2403.
 rotational degrees of freedom                    0.
 shell pseudo degrees of freedom                  0.


 sample of starting configuration

      i       x(i)        y(i)        z(i)       vx(i)       vy(i)       vz(i)       fx(i)       fy(i)       fz(i)


      1  3.4104E+00 -6.7958E-01 -3.5123E+00  5.8268E+00 -1.5522E+00 -3.2630E+00 -4.8969E+01 -4.4217E+01 -7.1170E+01
     42  1.1120E+00  9.7290E+00 -1.5066E+00  4.6176E+00 -4.1299E+00  1.3593E+00 -8.2623E+02  6.2613E+03 -4.4696E+03
     83 -6.9726E+00 -1.5197E+00  1.6099E+00 -1.5419E+01 -1.1591E+01  2.2457E+01 -8.5031E+03 -2.5723E+04 -9.8341E+02
    124  7.6468E-01 -1.3158E-01  6.3533E+00  1.3183E+01  1.0805E+01 -2.0596E+01  6.2776E+03 -4.6426E+03 -6.6004E+03
    165  9.8622E+00 -2.5450E+00 -6.9253E+00 -2.3627E+00  2.7652E-01  5.0555E+00  1.5001E+04  1.7550E+04  4.4692E+03
    206 -6.2823E+00 -8.0632E+00  9.9961E+00  1.2022E+01  8.6570E+00 -6.0223E+00  1.2887E+04 -3.8194E+03 -2.4900E+02
    247  8.7026E+00  5.0398E+00  5.9725E-01 -5.6058E+00 -1.5255E+01  6.6859E-01  2.8713E+03  1.5885E+04  6.7629E+03
    288 -2.3214E-01  2.1373E+00 -5.4915E+00 -3.8853E+00  1.9941E-01 -5.0033E+00 -1.0036E+04 -1.5794E+04  1.0129E+04
    329 -2.2158E-01  2.8079E-01 -3.1425E+00 -3.8434E+01  9.8646E+00  1.5989E+01 -1.7954E+04  2.2069E+03 -7.6494E+02
    370  7.7003E+00  2.2063E+00  9.7977E+00  6.9691E+00  4.2807E+00 -2.0941E+00  5.0482E+03 -7.4038E+02  2.0214E+03
    411  8.1343E+00 -4.1954E+00 -2.4503E+00  6.9010E+00  5.6916E+00 -5.2651E-01 -1.9582E+03  2.2943E+03 -1.4778E+02
    452  2.1242E+00 -6.1366E+00 -5.4646E+00  2.8461E+00  3.3762E-01 -2.0768E+00 -7.0841E+03  5.9983E+03  8.7980E+03
    493 -3.0734E+00  8.0107E+00  2.6719E+00 -7.3069E+00 -1.8033E+01  2.4734E+01  5.3666E+03 -2.5919E+03 -6.8368E+03
    534  7.3222E+00  8.4794E+00  3.8311E+00  2.2810E-01  4.7179E+00 -1.3521E+00  1.0024E+04  6.4691E+03  2.4550E+03
    575  9.0889E+00  2.3596E+00  6.3129E+00 -1.7069E+01  2.5146E+01  6.3535E+00  7.8863E+03  4.1942E+03 -5.9117E+02
    616  3.8766E+00  8.1618E+00 -1.1457E+00  1.6485E+01  1.7703E+01 -2.0001E+01 -1.3307E+03  1.5901E+04 -2.9281E+03
    657 -8.3814E-01  8.8454E+00 -4.9960E+00 -3.1815E-01 -7.1314E+00  1.6060E-01  4.1677E+03 -1.3009E+04 -1.1810E+04
    698  1.6467E+00  1.9010E-01  9.2981E+00 -7.7984E+00 -2.7182E+01 -1.4395E+01 -7.0345E+02 -5.6447E+02 -7.1328E+03
    739 -4.1147E+00 -3.5848E+00 -4.0145E+00 -2.2928E+01  6.4534E+00 -3.8135E+00 -9.7093E+03  1.2788E+04 -5.8115E+03
    780  1.5152E+00  3.6167E+00  4.0458E+00  3.8135E+00  2.7232E+00 -4.1632E+00  4.0597E+03 -7.9950E+02 -9.4888E+03


long range correction for: vdw energy    -0.589071E-01
                         : vdw pressure  -0.241275E-03

 time elapsed since job start =           0.009 seconds

 ------------------------------------------------------------------------------------------------------------------------

     step     eng_tot    temp_tot     eng_cfg     eng_vdw     eng_cou     eng_bnd     eng_ang     eng_dih     eng_tet
 time          eng_pv    temp_rot     vir_cfg     vir_vdw     vir_cou     vir_bnd     vir_ang     vir_con     vir_tet
 cpu time      volume    temp_shl     eng_shl     vir_shl       alpha        beta       gamma     vir_pmf       press

 ------------------------------------------------------------------------------------------------------------------------
        1  4.7880E+03  2.9800E+02  1.8111E+03 -2.0529E+00  0.0000E+00  1.1553E+03  6.5782E+02  0.0000E+00  0.0000E+00
   0.000f -7.6821E+03  0.0000E+00  4.3364E+04  3.7800E+00  0.0000E+00  4.3361E+04  0.0000E+00  0.0000E+00  0.0000E+00
   0.019s  8.0000E+03  0.0000E+00  0.0000E+00  0.0000E+00  9.0000E+01  9.0000E+01  9.0000E+01  0.0000E+00 -2.5546E+01

  rolling  4.7880E+03  2.9800E+02  1.8111E+03 -2.0529E+00  0.0000E+00  1.1553E+03  6.5782E+02  0.0000E+00  0.0000E+00
 averages -7.6821E+03  0.0000E+00  4.3364E+04  3.7800E+00  0.0000E+00  4.3361E+04  0.0000E+00  0.0000E+00  0.0000E+00
           8.0000E+03  0.0000E+00  0.0000E+00  0.0000E+00  9.0000E+01  9.0000E+01  9.0000E+01  0.0000E+00 -2.5546E+01
 ------------------------------------------------------------------------------------------------------------------------


 run terminating. elapsed cpu time =   2.10000E-02, job time = *******d, close time = 1000.00s



 run terminated after       1 steps. final averages calculated over       1 steps.


 ------------------------------------------------------------------------------------------------------------------------

     step     eng_tot    temp_tot     eng_cfg     eng_vdw     eng_cou     eng_bnd     eng_ang     eng_dih     eng_tet
 time          eng_pv    temp_rot     vir_cfg     vir_vdw     vir_cou     vir_bnd     vir_ang     vir_con     vir_tet
 cpu time      volume    temp_shl     eng_shl     vir_shl       alpha        beta       gamma     vir_pmf       press

 ------------------------------------------------------------------------------------------------------------------------
        1  4.7880E+03  2.9800E+02  1.8111E+03 -2.0529E+00  0.0000E+00  1.1553E+03  6.5782E+02  0.0000E+00  0.0000E+00
   0.000f -7.6821E+03  0.0000E+00  4.3364E+04  3.7800E+00  0.0000E+00  4.3361E+04  0.0000E+00  0.0000E+00  0.0000E+00
   0.027s  8.0000E+03  0.0000E+00  0.0000E+00  0.0000E+00  9.0000E+01  9.0000E+01  9.0000E+01  0.0000E+00 -2.5546E+01

  r.m.s.   0.0000E+00  0.0000E+00  0.0000E+00  0.0000E+00  0.0000E+00  0.0000E+00  0.0000E+00  0.0000E+00  0.0000E+00
 fluctn.   0.0000E+00  0.0000E+00  0.0000E+00  0.0000E+00  0.0000E+00  0.0000E+00  0.0000E+00  0.0000E+00  0.0000E+00
           0.0000E+00  0.0000E+00  0.0000E+00  0.0000E+00  0.0000E+00  0.0000E+00  0.0000E+00  0.0000E+00  0.0000E+00
 ------------------------------------------------------------------------------------------------------------------------


            Approximate 3D Diffusion  coefficients (10^-9 m^2 / s)

            atom        D 
            Ar         0.0000E+00
            HW         0.0000E+00
            OW         0.0000E+00


                Average pressure tensor                                       r.m.s. fluctuations 

          -2.4507E+01  1.9312E+00 -1.1752E+00                          0.0000E+00  0.0000E+00  0.0000E+00
           1.9312E+00 -2.8687E+01  2.0761E+00                          0.0000E+00  0.0000E+00  0.0000E+00
          -1.1752E+00  2.0761E+00 -2.3443E+01                          0.0000E+00  0.0000E+00  0.0000E+00

            trace/3.  -2.5546E+01


 sample of final configuration

      i       x(i)        y(i)        z(i)       vx(i)       vy(i)       vz(i)       fx(i)       fy(i)       fz(i)


      1  3.4104E+00 -6.7958E-01 -3.5123E+00  5.8268E+00 -1.5522E+00 -3.2630E+00 -4.8898E+01 -4.4211E+01 -7.2655E+01
     42  1.1120E+00  9.7290E+00 -1.5066E+00  4.6176E+00 -4.1299E+00  1.3593E+00 -1.6307E+04 -8.0691E+02  5.5237E+03
     83 -6.9726E+00 -1.5197E+00  1.6099E+00 -1.5419E+01 -1.1591E+01  2.2457E+01 -8.7043E+03 -1.8765E+04 -1.2488E+03
    124  7.6468E-01 -1.3158E-01  6.3533E+00  1.3183E+01  1.0805E+01 -2.0596E+01  2.6281E+03 -5.0904E+03  5.4427E+03
    165  9.8622E+00 -2.5450E+00 -6.9253E+00 -2.3627E+00  2.7652E-01  5.0555E+00  5.1299E+03  2.5588E+04 -4.2828E+02
    206 -6.2823E+00 -8.0632E+00  9.9961E+00  1.2022E+01  8.6570E+00 -6.0223E+00 -4.1578E+03  2.2701E+03 -1.4114E+03
    247  8.7026E+00  5.0398E+00  5.9725E-01 -5.6058E+00 -1.5255E+01  6.6859E-01  2.0618E+03  2.3965E+04  5.4000E+03
    288 -2.3214E-01  2.1373E+00 -5.4915E+00 -3.8853E+00  1.9941E-01 -5.0033E+00 -1.9915E+03 -4.6110E+03  1.7187E+04
    329 -2.2158E-01  2.8079E-01 -3.1425E+00 -3.8434E+01  9.8646E+00  1.5989E+01 -5.6427E+03 -3.5779E+03 -7.6145E+02
    370  7.7003E+00  2.2063E+00  9.7977E+00  6.9691E+00  4.2807E+00 -2.0941E+00  1.0959E+04 -1.6388E+03 -1.9201E+03
    411  8.1343E+00 -4.1954E+00 -2.4503E+00  6.9010E+00  5.6916E+00 -5.2651E-01 -1.3268E+04  5.5307E+03 -1.3111E+04
    452  2.1242E+00 -6.1366E+00 -5.4646E+00  2.8461E+00  3.3762E-01 -2.0768E+00 -8.8072E+02  8.6814E+02  8.3577E+02
    493 -3.0734E+00  8.0107E+00  2.6719E+00 -7.3069E+00 -1.8033E+01  2.4734E+01  9.6741E+03 -3.9590E+03 -1.4816E+04
    534  7.3222E+00  8.4794E+00  3.8311E+00  2.2810E-01  4.7179E+00 -1.3521E+00  3.6024E+03 -7.1841E+03  1.2214E+04
    575  9.0889E+00  2.3596E+00  6.3129E+00 -1.7069E+01  2.5146E+01  6.3535E+00  9.8320E+03  9.1921E+03 -4.4640E+03
    616  3.8766E+00  8.1618E+00 -1.1457E+00  1.6485E+01  1.7703E+01 -2.0001E+01 -2.2348E+03  2.8640E+03  2.5730E+03
    657 -8.3814E-01  8.8454E+00 -4.9960E+00 -3.1815E-01 -7.1314E+00  1.6060E-01  6.0523E+03 -1.0994E+04 -2.8673E+04
    698  1.6467E+00  1.9010E-01  9.2981E+00 -7.7984E+00 -2.7182E+01 -1.4395E+01 -2.4717E+03 -1.2644E+03 -2.9769E+03
    739 -4.1147E+00 -3.5848E+00 -4.0145E+00 -2.2928E+01  6.4534E+00 -3.8135E+00 -2.0183E+02  6.9011E+02 -2.5655E+02
    780  1.5152E+00  3.6167E+00  4.0458E+00  3.8135E+00  2.7232E+00 -4.1632E+00  7.5996E+03  1.0466E+04 -4.6170E+03

 time elapsed since job start =           0.027 seconds

